// Jest Snapshot v1, https://goo.gl/fbAQLP

exports[`Component ButtonLink should be render without crash 1`] = `
<Typography__TinyHeading>
  <ButtonLink__IconWrapper>
    <Icon
      color="#E0E1DD"
      fill="none"
      inlineBlock={false}
      name="arrowRight"
      size="2.4rem"
      strokeWidth="1px"
    />
  </ButtonLink__IconWrapper>
  <Spaces__Margin
    all={false}
    bottom={false}
    horizontal={false}
    inline={true}
    left="s"
    right={false}
    top={false}
    vertical={false}
  >
    hello
  </Spaces__Margin>
</Typography__TinyHeading>
`;
