// Jest Snapshot v1, https://goo.gl/fbAQLP

exports[`Component MainHero should be render without crash 1`] = `
<Container>
  <Spaces__Padding
    all={false}
    bottom={false}
    horizontal={false}
    inline={false}
    left={false}
    right={false}
    top={false}
    vertical="wide"
  >
    <Grid
      gutter={true}
    >
      <Grid__GridCell
        push={null}
        size={0.6666666666666666}
      >
        <Spaces__Margin
          all={false}
          bottom="l"
          horizontal={false}
          inline={false}
          left={false}
          right={false}
          top={false}
          vertical={false}
        >
          <Typography__BadassTitle>
            Design.
            <br />
            Code.
            <br />
            Partage.
          </Typography__BadassTitle>
        </Spaces__Margin>
        <Spaces__Margin
          all={false}
          bottom="s"
          horizontal={false}
          inline={false}
          left={false}
          right={false}
          top={false}
          vertical={false}
        >
          <Typography__TinyHeading>
            – Bonjour,
          </Typography__TinyHeading>
        </Spaces__Margin>
        <Typography__LeadBodyCopy>
          Je m’appelle Gaël, suis 
          <MainHero__Strong>
            UX/UI designer
          </MainHero__Strong>
           et
           
          <MainHero__Strong>
            développeur front freelance
          </MainHero__Strong>
           avec plus de
           
          <MainHero__Strong>
            10 ans d’experience
          </MainHero__Strong>
          . Je travaille sur 
          <MainHero__Strong>
            Paris
          </MainHero__Strong>
           en régie ou à distance pour des startups et des grand comptes. Vous pouvez aussi faire appel à moi pour des missions de 
          <MainHero__Strong>
            consulting
          </MainHero__Strong>
          .
        </Typography__LeadBodyCopy>
        <Spaces__Margin
          all={false}
          bottom={false}
          horizontal={false}
          inline={false}
          left={false}
          right={false}
          top="m"
          vertical={false}
        >
          <ButtonLink>
            Mon CV
          </ButtonLink>
          <br />
          <ButtonLink>
            les services
          </ButtonLink>
        </Spaces__Margin>
      </Grid__GridCell>
    </Grid>
  </Spaces__Padding>
</Container>
`;
