// Jest Snapshot v1, https://goo.gl/fbAQLP

exports[`Component Footer should be render without crash 1`] = `
<Footer__Wrapper>
  <Container>
    <Spaces__Padding
      all={false}
      bottom={false}
      horizontal={false}
      inline={false}
      left={false}
      right={false}
      top={false}
      vertical="wide"
    >
      <Spaces__Margin
        all={false}
        bottom="m"
        horizontal={false}
        inline={false}
        left={false}
        right={false}
        top={false}
        vertical={false}
      >
        <Typography__SubTitle>
          Prenons un café
        </Typography__SubTitle>
      </Spaces__Margin>
      <Spaces__Margin
        all={false}
        bottom="xs"
        horizontal={false}
        inline={false}
        left={false}
        right={false}
        top={false}
        vertical={false}
      >
        <Typography__TinyHeading>
          linkedin
        </Typography__TinyHeading>
         - 
        <Typography__TinyHeading>
          medium
        </Typography__TinyHeading>
         - 
        <Typography__TinyHeading>
          github
        </Typography__TinyHeading>
         - 
        <Typography__TinyHeading>
          twitter
        </Typography__TinyHeading>
      </Spaces__Margin>
      <Spaces__Margin
        all={false}
        bottom="l"
        horizontal={false}
        inline={false}
        left={false}
        right={false}
        top={false}
        vertical={false}
      >
        <Typography__BodySans>
          gaelboyenval@icloud.com 
          <br />
           06 08 14 58 40
        </Typography__BodySans>
      </Spaces__Margin>
      <Typography__BodySans>
        Ce site à été créé avec beaucoup d’amour, 
        <br />
        mais aussi avec Gatsby, React et est hebergé par Github
      </Typography__BodySans>
    </Spaces__Padding>
  </Container>
</Footer__Wrapper>
`;
