// Jest Snapshot v1, https://goo.gl/fbAQLP

exports[`Component ProjectItem should be render without crash 1`] = `
<Router
  history={
    Object {
      "action": "POP",
      "block": [Function],
      "canGo": [Function],
      "createHref": [Function],
      "entries": Array [
        Object {
          "hash": "",
          "key": "testKey",
          "pathname": "/",
          "search": "",
        },
      ],
      "go": [Function],
      "goBack": [Function],
      "goForward": [Function],
      "index": 0,
      "length": 1,
      "listen": [Function],
      "location": Object {
        "hash": "",
        "key": "testKey",
        "pathname": "/",
        "search": "",
      },
      "push": [Function],
      "replace": [Function],
    }
  }
>
  <ProjectItem
    brandColor="#153853"
    client="Le Monde"
    mission="Refonte du site mobile"
    myRole="Dev Front"
    num="01"
    period="2015 - 2018"
    slug="/project/project-x-y"
  />
</Router>
`;
