// Jest Snapshot v1, https://goo.gl/fbAQLP

exports[`Component Header should be render without crashing 1`] = `
<Header__Wrapper>
  <Grid
    center={true}
    gutter={true}
  >
    <Grid__GridCell
      push={null}
    >
      <GatsbyLink
        to="/"
      >
        <Header__Logo>
          G.
          <Header__Hidden>
            lorem ipsum
          </Header__Hidden>
        </Header__Logo>
      </GatsbyLink>
    </Grid__GridCell>
    <Grid__GridCell
      push={null}
      size="fill"
    >
      <nav>
        <Header__Menu>
          <Typography__TinyHeading>
            <GatsbyLink
              activeStyle={
                Object {
                  "borderBottom": "solid 1px currentColor",
                }
              }
              to="/"
            >
              home
            </GatsbyLink>
          </Typography__TinyHeading>
          <Typography__TinyHeading>
            <GatsbyLink
              activeStyle={
                Object {
                  "borderBottom": "solid 1px currentColor",
                }
              }
              to="/cv/"
            >
              CV
            </GatsbyLink>
          </Typography__TinyHeading>
          <Typography__TinyHeading>
            <GatsbyLink
              activeStyle={
                Object {
                  "borderBottom": "solid 1px currentColor",
                }
              }
              to="/blog/"
            >
              Blog
            </GatsbyLink>
          </Typography__TinyHeading>
          <Typography__TinyHeading>
            <GatsbyLink
              activeStyle={
                Object {
                  "borderBottom": "solid 1px currentColor",
                }
              }
              to="/my-files/"
            >
              files
            </GatsbyLink>
          </Typography__TinyHeading>
        </Header__Menu>
      </nav>
    </Grid__GridCell>
  </Grid>
</Header__Wrapper>
`;
